{'dataset': '/root/autodl-tmp/toy_data/gebco15s', 'profile': 'gebco15s', 'samples': 474, 'splits': {'train': 227, 'validation': 121, 'test': 126}, 'padded_shape': [128, 128], 'input_channels': ['log_depth', 'wet_mask', 'x', 'y', 'wave_hs', 'wave_tp', 'wave_dir_sin', 'wave_dir_cos', 'wind_u10', 'wind_v10'], 'target': 'Hs', 'wet_pixels': {'train': 3205882, 'validation': 1719482, 'test': 1777305}, 'convergence': {'true': 470, 'false': 4}, 'convergence_policy': 'record_only', 'sha256': 'b9758c251cccbc9989c0d94842794ad4ced2b9ea64f19ebf38b6c5ef3597d69a'}
BasicUNet features: (16, 16, 32, 64, 128, 16).
{'device': 'cuda', 'amp': True, 'output_shape': [1, 1, 128, 128]}
epoch 001 train=0.0160406 val=0.0120661 val_RMSE=0.5492m seconds=1.74
epoch 002 train=0.0050878 val=0.0111319 val_RMSE=0.5275m seconds=1.04
epoch 003 train=0.00361885 val=0.0112164 val_RMSE=0.5295m seconds=1.07
epoch 004 train=0.00266933 val=0.0112968 val_RMSE=0.5314m seconds=1.08
epoch 005 train=0.00215761 val=0.0129024 val_RMSE=0.5679m seconds=1.06
epoch 006 train=0.00193793 val=0.0104194 val_RMSE=0.5104m seconds=1.06
epoch 007 train=0.00169491 val=0.0114104 val_RMSE=0.5341m seconds=1.10
epoch 008 train=0.0013812 val=0.011164 val_RMSE=0.5283m seconds=1.05
epoch 009 train=0.00122205 val=0.0104071 val_RMSE=0.5101m seconds=1.15
epoch 010 train=0.00106229 val=0.0105456 val_RMSE=0.5135m seconds=1.12
epoch 011 train=0.000962238 val=0.0113268 val_RMSE=0.5321m seconds=1.11
epoch 012 train=0.000821491 val=0.0104874 val_RMSE=0.5120m seconds=1.06
epoch 013 train=0.00071107 val=0.0118915 val_RMSE=0.5452m seconds=1.04
epoch 014 train=0.000597457 val=0.0112822 val_RMSE=0.5311m seconds=1.12
epoch 015 train=0.000548774 val=0.0121834 val_RMSE=0.5519m seconds=1.11
epoch 016 train=0.000439333 val=0.0101791 val_RMSE=0.5045m seconds=1.08
epoch 017 train=0.000394426 val=0.0105852 val_RMSE=0.5144m seconds=1.08
epoch 018 train=0.000332698 val=0.0107061 val_RMSE=0.5174m seconds=1.06
epoch 019 train=0.000311861 val=0.0110592 val_RMSE=0.5258m seconds=1.06
epoch 020 train=0.000285015 val=0.0112902 val_RMSE=0.5313m seconds=1.08
epoch 021 train=0.000239364 val=0.0115598 val_RMSE=0.5376m seconds=1.10
epoch 022 train=0.000208179 val=0.0102916 val_RMSE=0.5072m seconds=1.06
epoch 023 train=0.000190802 val=0.0116353 val_RMSE=0.5393m seconds=1.10
epoch 024 train=0.000183271 val=0.0104469 val_RMSE=0.5111m seconds=1.07
epoch 025 train=0.000186902 val=0.010315 val_RMSE=0.5078m seconds=1.05
epoch 026 train=0.000160708 val=0.0114262 val_RMSE=0.5345m seconds=1.05
epoch 027 train=0.000187549 val=0.0105315 val_RMSE=0.5131m seconds=1.05
epoch 028 train=0.000157945 val=0.0106216 val_RMSE=0.5153m seconds=1.05
epoch 029 train=0.000138811 val=0.0112368 val_RMSE=0.5300m seconds=1.05
epoch 030 train=0.000124287 val=0.0106442 val_RMSE=0.5159m seconds=1.04
epoch 031 train=0.000135359 val=0.0115529 val_RMSE=0.5374m seconds=1.03
epoch 032 train=0.000116378 val=0.0103794 val_RMSE=0.5094m seconds=1.04
epoch 033 train=0.000114211 val=0.0105194 val_RMSE=0.5128m seconds=1.08
epoch 034 train=0.000111457 val=0.010702 val_RMSE=0.5173m seconds=1.03
epoch 035 train=0.000104583 val=0.0112839 val_RMSE=0.5311m seconds=1.06
epoch 036 train=0.000104965 val=0.0113775 val_RMSE=0.5333m seconds=1.02
epoch 037 train=0.000101924 val=0.0108956 val_RMSE=0.5219m seconds=1.06
epoch 038 train=0.000112596 val=0.0106825 val_RMSE=0.5168m seconds=1.02
epoch 039 train=0.00011763 val=0.0114926 val_RMSE=0.5360m seconds=1.02
epoch 040 train=9.48591e-05 val=0.0114947 val_RMSE=0.5361m seconds=1.02
epoch 041 train=8.60721e-05 val=0.0112615 val_RMSE=0.5306m seconds=1.04
epoch 042 train=7.33674e-05 val=0.0115043 val_RMSE=0.5363m seconds=1.04
epoch 043 train=8.03676e-05 val=0.0113097 val_RMSE=0.5317m seconds=1.02
epoch 044 train=7.15809e-05 val=0.0114495 val_RMSE=0.5350m seconds=1.04
epoch 045 train=7.57875e-05 val=0.0108344 val_RMSE=0.5204m seconds=1.05
epoch 046 train=8.48171e-05 val=0.010774 val_RMSE=0.5190m seconds=1.05
epoch 047 train=8.141e-05 val=0.0111261 val_RMSE=0.5274m seconds=1.01
epoch 048 train=7.53934e-05 val=0.0117835 val_RMSE=0.5428m seconds=1.03
epoch 049 train=8.0555e-05 val=0.0111804 val_RMSE=0.5287m seconds=1.08
epoch 050 train=7.81784e-05 val=0.011159 val_RMSE=0.5282m seconds=1.03
epoch 051 train=8.01244e-05 val=0.0107786 val_RMSE=0.5191m seconds=1.00
epoch 052 train=9.89694e-05 val=0.0109602 val_RMSE=0.5235m seconds=1.01
epoch 053 train=9.78018e-05 val=0.0104438 val_RMSE=0.5110m seconds=1.04
epoch 054 train=8.269e-05 val=0.0120513 val_RMSE=0.5489m seconds=1.02
epoch 055 train=8.3662e-05 val=0.0117548 val_RMSE=0.5421m seconds=1.02
epoch 056 train=6.67779e-05 val=0.0105649 val_RMSE=0.5139m seconds=1.03
epoch 057 train=6.30762e-05 val=0.0115107 val_RMSE=0.5364m seconds=1.03
epoch 058 train=5.71523e-05 val=0.0110402 val_RMSE=0.5254m seconds=1.01
epoch 059 train=6.80963e-05 val=0.0108483 val_RMSE=0.5208m seconds=1.03
epoch 060 train=5.5819e-05 val=0.0111445 val_RMSE=0.5278m seconds=1.04
epoch 061 train=6.18828e-05 val=0.0118008 val_RMSE=0.5432m seconds=1.05
epoch 062 train=7.10614e-05 val=0.011525 val_RMSE=0.5368m seconds=1.04
epoch 063 train=7.76908e-05 val=0.0122414 val_RMSE=0.5532m seconds=1.05
epoch 064 train=0.000169687 val=0.0125016 val_RMSE=0.5591m seconds=1.06
epoch 065 train=0.000286432 val=0.00936955 val_RMSE=0.4840m seconds=1.02
epoch 066 train=0.000447014 val=0.0113591 val_RMSE=0.5329m seconds=1.07
epoch 067 train=0.000276622 val=0.0118622 val_RMSE=0.5446m seconds=1.03
epoch 068 train=0.000108863 val=0.010878 val_RMSE=0.5215m seconds=1.01
epoch 069 train=7.94017e-05 val=0.0108805 val_RMSE=0.5215m seconds=1.02
epoch 070 train=5.76713e-05 val=0.0115719 val_RMSE=0.5379m seconds=1.05
epoch 071 train=6.07808e-05 val=0.0119653 val_RMSE=0.5469m seconds=1.04
epoch 072 train=5.98045e-05 val=0.0113952 val_RMSE=0.5337m seconds=1.03
epoch 073 train=5.52474e-05 val=0.0119767 val_RMSE=0.5472m seconds=1.00
epoch 074 train=5.01239e-05 val=0.0115209 val_RMSE=0.5367m seconds=1.05
epoch 075 train=4.72921e-05 val=0.0118033 val_RMSE=0.5432m seconds=1.04
epoch 076 train=5.31449e-05 val=0.0108513 val_RMSE=0.5208m seconds=1.05
epoch 077 train=6.13131e-05 val=0.0113928 val_RMSE=0.5337m seconds=1.05
epoch 078 train=4.84722e-05 val=0.011302 val_RMSE=0.5316m seconds=1.11
epoch 079 train=4.53522e-05 val=0.0114612 val_RMSE=0.5353m seconds=1.07
epoch 080 train=4.30874e-05 val=0.0115145 val_RMSE=0.5365m seconds=1.04
